// Jest Snapshot v1, https://goo.gl/fbAQLP

exports[`renders homepage unchanged 1`] = `
<nav>
  <a
    href="/about"
    onClick={[Function]}
    onMouseEnter={[Function]}
  >
    About
  </a>
</nav>
`;
